12:09:01 200
12:09:03 200
12:09:05 200
12:09:07 200
12:09:09 502
12:09:11 200
12:09:13 502
12:09:14 200
12:09:17 200
12:09:18 000
12:09:21 200
12:09:23 000
12:09:26 200
12:09:28 000
12:09:31 000
12:09:34 200
12:09:36 000
12:09:39 200
12:09:40 200
12:09:42 200
12:09:44 200
12:09:45 200
12:09:47 200
12:09:49 200
12:09:51 200
12:09:53 200
12:09:55 200
12:09:57 200
12:09:59 200
12:10:00 200
12:10:02 200
12:10:04 200
12:10:06 200
12:10:07 200
12:10:10 200
12:10:11 200
12:10:13 200
12:10:14 200
12:10:16 200
12:10:19 200
12:10:20 200
12:10:22 200
12:10:23 200
12:10:25 200
12:10:27 200
12:10:30 200
12:10:31 200
12:10:33 200
12:10:35 200
12:10:37 200
12:10:40 200
12:10:41 200
12:10:43 200
12:10:44 200
12:10:46 200
12:10:48 200
12:10:49 200
12:10:51 200
12:10:52 200
12:10:54 200
12:10:56 200
12:10:58 200
12:10:59 200
12:11:01 200
12:11:03 200
12:11:04 200
12:11:06 200
12:11:08 200
