12:04:05 200
12:04:06 200
12:04:08 200
12:04:10 200
12:04:11 000
12:04:14 502
12:04:16 200
12:04:18 502
12:04:21 200
12:04:22 200
12:04:24 000
12:04:27 200
12:04:29 000
12:04:32 000
12:04:35 200
12:04:36 200
12:04:39 000
12:04:42 200
12:04:44 200
12:04:46 200
12:04:48 200
12:04:50 200
12:04:52 200
12:04:53 200
12:04:55 200
12:04:56 200
12:04:58 200
12:05:00 200
12:05:02 200
12:05:03 200
12:05:06 200
12:05:07 200
12:05:09 200
12:05:10 200
12:05:12 200
12:05:14 200
12:05:15 200
12:05:17 200
12:05:19 200
12:05:21 200
12:05:23 200
12:05:25 200
12:05:27 200
12:05:28 200
12:05:30 200
12:05:32 200
12:05:35 200
12:05:36 200
12:05:38 200
12:05:40 200
12:05:42 200
12:05:43 200
12:05:45 200
12:05:47 200
12:05:48 200
12:05:50 200
12:05:52 200
12:05:53 200
12:05:55 200
12:05:56 200
12:05:58 200
12:06:00 200
12:06:01 200
12:06:03 200
12:06:04 200
12:06:06 200
12:06:08 200
12:06:09 200
12:06:11 200
